[stylescss.free.fr/v2-img/icone5e1f.png]
[backblue.gif]
[fade.gif]
[index.html]
[stylescss.free.fr/v2-img/hamburger.png]
[stylescss.free.fr/v2-img/fleche-haut.png]
[pagead2.googlesyndication.com/pagead/js/f.txt]
[stylescss.free.fr/index.html]
[stylescss.free.fr/v2-js/jquery/jquery-3.3.1.min.js]
[stylescss.free.fr/v2-js/jquery-ui/jquery-ui.min.js]
[stylescss.free.fr/v2-js/general8e0e.js]
[stylescss.free.fr/v2-js/caniuse3860.js]
[stylescss.free.fr/v2-js/jquery-ui/images/ui-icons_444444_256x240.png]
[stylescss.free.fr/v2-js/jquery-ui/images/ui-icons_555555_256x240.png]
[stylescss.free.fr/v2-js/jquery-ui/images/ui-icons_ffffff_256x240.png]
[stylescss.free.fr/v2-js/jquery-ui/images/ui-icons_777620_256x240.png]
[stylescss.free.fr/v2-js/jquery-ui/images/ui-icons_cc0000_256x240.png]
[stylescss.free.fr/v2-js/jquery-ui/images/ui-icons_777777_256x240.png]
[stylescss.free.fr/v2-js/jquery-ui/jquery-ui.min.css]
[stylescss.free.fr/v2-css/jquery-ui-alp3860.css]
[stylescss.free.fr/v2-img/puce-syntaxes.png]
[stylescss.free.fr/v2-css/general8fa7.css]
[stylescss.free.fr/v2-css/print3860.css]
[stylescss.free.fr/index-2.html]
[stylescss.free.fr/tdm.html]
[stylescss.free.fr/v2-tutoriels/intro-css.html]
[stylescss.free.fr/v2-tutoriels/html-css-1.xml]
[stylescss.free.fr/v2-tutoriels/html-css-2.xml]
[stylescss.free.fr/v2-tutoriels/html-css.html]
[stylescss.free.fr/v2-tutoriels/img/syntaxe-css-1.png]
[stylescss.free.fr/v2-tutoriels/syntaxe-css.html]
[stylescss.free.fr/v2-tutoriels/img/box-model-1.png]
[stylescss.free.fr/v2-tutoriels/box-model.html]
[stylescss.free.fr/v2-tutoriels/img/priorities-1.png]
[stylescss.free.fr/v2-tutoriels/priorities.html]
[stylescss.free.fr/v2-tutoriels/flex-box.html]
[stylescss.free.fr/v2-properties/img/transform-1.png]
[stylescss.free.fr/v2-properties/img/transform-2a.png]
[stylescss.free.fr/v2-properties/img/transform-2b.png]
[stylescss.free.fr/v2-properties/img/transform-matrix.png]
[stylescss.free.fr/v2-properties/img/transform-translate.png]
[stylescss.free.fr/v2-properties/img/transform-rotate.png]
[stylescss.free.fr/v2-properties/img/transform-skew.png]
[stylescss.free.fr/v2-properties/img/transform-scale.png]
[stylescss.free.fr/v2-properties/img/transform-perspective.png]
[stylescss.free.fr/v2-properties/img/transform-2.png]
[stylescss.free.fr/v2-properties/img/transform-3.png]
[stylescss.free.fr/v2-properties/transform.html]
[stylescss.free.fr/v2-properties/animation.html]
[stylescss.free.fr/v2-tutoriels/responsive.html]
[stylescss.free.fr/v2-tools/colors-synth-1.php]
[stylescss.free.fr/v2-tools/colors-synth.html]
[stylescss.free.fr/v2-tools/entities.html]
[stylescss.free.fr/v2-tools/img/external-tools-1.png]
[stylescss.free.fr/v2-tools/external-tools.html]
[stylescss.free.fr/v2-tricks/img/cube-1.png]
[stylescss.free.fr/v2-tricks/img/cube-2.png]
[stylescss.free.fr/v2-tricks/img/cube-3.png]
[stylescss.free.fr/v2-tricks/img/cube-4.png]
[stylescss.free.fr/v2-tricks/img/cube-5.png]
[stylescss.free.fr/v2-tricks/img/cube-6.png]
[stylescss.free.fr/v2-tricks/cube.html]
[stylescss.free.fr/v2-tricks/fixed-headers.html]
[stylescss.free.fr/v2-tricks/img/geometrics-1.jpg]
[stylescss.free.fr/v2-tricks/img/geometrics-2.jpg]
[stylescss.free.fr/v2-tricks/geometrics.html]
[stylescss.free.fr/v2-tricks/lettrine.html]
[stylescss.free.fr/v2-tricks/responsive-square.html]
[stylescss.free.fr/v2-tricks/img/round-images-1a.jpg]
[stylescss.free.fr/v2-tricks/img/round-images-1b.jpg]
[stylescss.free.fr/v2-tricks/img/round-images-1c.jpg]
[stylescss.free.fr/v2-tricks/img/round-images-2a.jpg]
[stylescss.free.fr/v2-tricks/img/round-images-2b.jpg]
[stylescss.free.fr/v2-tricks/img/round-images-2c.jpg]
[stylescss.free.fr/v2-tricks/round-images.html]
[stylescss.free.fr/v2-tricks/text-shape.html]
[stylescss.free.fr/v2-tricks/tags.html]
[stylescss.free.fr/v2-tricks/img/tricks-1.png]
[stylescss.free.fr/v2-tricks/img/tricks-2.png]
[stylescss.free.fr/v2-tricks/img/tricks-3.png]
[stylescss.free.fr/v2-tricks/tricks.html]
[stylescss.free.fr/v2-functions/attr.html]
[stylescss.free.fr/v2-functions/img/blur-1.jpg]
[stylescss.free.fr/v2-functions/blur.html]
[stylescss.free.fr/v2-functions/img/brightness-1.jpg]
[stylescss.free.fr/v2-functions/brightness.html]
[stylescss.free.fr/v2-functions/calc.html]
[stylescss.free.fr/v2-functions/img/circle-1.png]
[stylescss.free.fr/v2-functions/circle.html]
[stylescss.free.fr/v2-functions/clamp.html]
[stylescss.free.fr/v2-img/gradient-conic.png]
[stylescss.free.fr/v2-img/gradient-radial.png]
[stylescss.free.fr/v2-img/gradient-linear.png]
[stylescss.free.fr/v2-functions/conic-gradient.html]
[stylescss.free.fr/v2-functions/img/contrast-1.jpg]
[stylescss.free.fr/v2-functions/contrast.html]
[stylescss.free.fr/v2-functions/counter.html]
[stylescss.free.fr/v2-functions/counters.html]
[stylescss.free.fr/v2-functions/img/cross-fade-1.jpg]
[stylescss.free.fr/v2-functions/img/cross-fade-3.jpg]
[stylescss.free.fr/v2-functions/cross-fade.html]
[stylescss.free.fr/v2-functions/img/cubic-bezier-1.png]
[stylescss.free.fr/v2-functions/cubic-bezier.html]
[stylescss.free.fr/v2-functions/img/drop-shadow-1.png]
[stylescss.free.fr/v2-functions/drop-shadow.html]
[stylescss.free.fr/v2-functions/element.html]
[stylescss.free.fr/v2-functions/img/ellipse-1.png]
[stylescss.free.fr/v2-functions/ellipse.html]
[stylescss.free.fr/v2-functions/fit-content.html]
[stylescss.free.fr/v2-functions/img/grayscale.jpg]
[stylescss.free.fr/v2-functions/grayscale.html]
[stylescss.free.fr/v2-functions/img/hsl-2.png]
[stylescss.free.fr/v2-functions/img/hsl-1.png]
[stylescss.free.fr/v2-functions/hsl.html]
[stylescss.free.fr/v2-functions/img/hue-rotate-1.png]
[stylescss.free.fr/v2-functions/img/hue-rotate-2.png]
[stylescss.free.fr/v2-functions/hue-rotate.html]
[stylescss.free.fr/v2-functions/img/hwb-2.png]
[stylescss.free.fr/v2-functions/img/hwb-1.png]
[stylescss.free.fr/v2-functions/hwb.html]
[stylescss.free.fr/v2-functions/image.html]
[stylescss.free.fr/v2-functions/img/inset-1.png]
[stylescss.free.fr/v2-img/border-1-value.png]
[stylescss.free.fr/v2-img/border-2-values.png]
[stylescss.free.fr/v2-img/border-3-values.png]
[stylescss.free.fr/v2-img/border-4-values.png]
[stylescss.free.fr/v2-functions/img/inset-2.png]
[stylescss.free.fr/v2-img/angle-1-value.png]
[stylescss.free.fr/v2-img/angle-2-values.png]
[stylescss.free.fr/v2-img/angle-3-values.png]
[stylescss.free.fr/v2-img/angle-4-values.png]
[stylescss.free.fr/v2-functions/img/inset-3.jpg]
[stylescss.free.fr/v2-functions/inset.html]
[stylescss.free.fr/v2-functions/img/invert-1.jpg]
[stylescss.free.fr/v2-functions/invert.html]
[stylescss.free.fr/v2-functions/img/linear-gradient-1.png]
[stylescss.free.fr/v2-functions/linear-gradient.html]
[stylescss.free.fr/v2-functions/img/matrix-1.png]
[stylescss.free.fr/v2-functions/matrix.html]
[stylescss.free.fr/v2-functions/matrix3d.html]
[stylescss.free.fr/v2-functions/min-max.html]
[stylescss.free.fr/v2-functions/minmax.html]
[stylescss.free.fr/v2-functions/img/opacity-1.png]
[stylescss.free.fr/v2-functions/opacity.html]
[stylescss.free.fr/v2-functions/img/perspective-1.png]
[stylescss.free.fr/v2-functions/perspective.html]
[stylescss.free.fr/v2-functions/img/polygon-1.png]
[stylescss.free.fr/v2-functions/img/polygon-2.png]
[stylescss.free.fr/v2-functions/img/polygon-3.png]
[stylescss.free.fr/v2-functions/polygon.html]
[stylescss.free.fr/v2-functions/radial-gradient.html]
[stylescss.free.fr/v2-functions/img/rect-1.png]
[stylescss.free.fr/v2-functions/img/rect-2.jpg]
[stylescss.free.fr/v2-functions/rect.html]
[stylescss.free.fr/v2-functions/repeat.html]
[stylescss.free.fr/v2-functions/repeating-conic-gradient.html]
[stylescss.free.fr/v2-functions/repeating-linear-gradient.html]
[stylescss.free.fr/v2-functions/repeating-radial-gradient.html]
[stylescss.free.fr/v2-functions/rgb.html]
[stylescss.free.fr/v2-functions/rotate.html]
[stylescss.free.fr/v2-functions/img/rotate3d-1.png]
[stylescss.free.fr/v2-functions/rotate3d.html]
[stylescss.free.fr/v2-functions/img/saturate-1.jpg]
[stylescss.free.fr/v2-functions/saturate.html]
[stylescss.free.fr/v2-functions/scale.html]
[stylescss.free.fr/v2-functions/scale3d.html]
[stylescss.free.fr/v2-functions/img/sepia-1.jpg]
[stylescss.free.fr/v2-functions/sepia.html]
[stylescss.free.fr/v2-functions/img/skew-1.png]
[stylescss.free.fr/v2-functions/img/skew-2.png]
[stylescss.free.fr/v2-functions/skew.html]
[stylescss.free.fr/v2-functions/img/steps-start.png]
[stylescss.free.fr/v2-functions/img/steps-end.png]
[stylescss.free.fr/v2-functions/img/steps-both.png]
[stylescss.free.fr/v2-functions/img/steps-none.png]
[stylescss.free.fr/v2-functions/steps.html]
[stylescss.free.fr/v2-functions/symbols.html]
[stylescss.free.fr/v2-functions/translate.html]
[stylescss.free.fr/v2-functions/img/translate3d-1.png]
[stylescss.free.fr/v2-functions/translate3d.html]
[stylescss.free.fr/v2-functions/img/url-1.png]
[stylescss.free.fr/v2-functions/url.html]
[stylescss.free.fr/v2-functions/var.html]
[stylescss.free.fr/v2-selectors/img/selectors-1.png]
[stylescss.free.fr/v2-selectors/selectors.html]
[stylescss.free.fr/v2-selectors/pseudo-elements.html]
[stylescss.free.fr/v2-selectors/pseudo-class.html]
[stylescss.free.fr/v2-references/units.html]
[stylescss.free.fr/v2-tutoriels/colors.html]
[stylescss.free.fr/v2-img/w3c.png]
[stylescss.free.fr/v2-tutoriels/entities.html]
[stylescss.free.fr/v2-properties/@apply.html]
[stylescss.free.fr/v2-properties/@charset.html]
[stylescss.free.fr/v2-properties/@counter-style.html]
[stylescss.free.fr/v2-properties/fonts/kleymissky.otf]
[stylescss.free.fr/v2-properties/@font-face.html]
[stylescss.free.fr/v2-properties/fonts/comic-jens.ttf]
[stylescss.free.fr/v2-properties/img/@font-feature-values-1.png]
[stylescss.free.fr/v2-properties/img/@font-feature-values-2.png]
[stylescss.free.fr/v2-properties/img/@font-feature-values-3.png]
[stylescss.free.fr/v2-properties/img/@font-feature-values-4.png]
[stylescss.free.fr/v2-properties/@font-feature-values.html]
[stylescss.free.fr/v2-properties/@import.html]
[stylescss.free.fr/v2-properties/img/@keyframes-1.png]
[stylescss.free.fr/v2-properties/@keyframes.html]
[stylescss.free.fr/v2-properties/@media.html]
[stylescss.free.fr/v2-properties/@page.html]
[stylescss.free.fr/v2-properties/@supports.html]
[stylescss.free.fr/v2-properties/align-content.html]
[stylescss.free.fr/v2-properties/align-items.html]
[stylescss.free.fr/v2-properties/align-self.html]
[stylescss.free.fr/v2-properties/all.html]
[stylescss.free.fr/v2-properties/animation-delay.html]
[stylescss.free.fr/v2-properties/animation-direction.html]
[stylescss.free.fr/v2-properties/animation-duration.html]
[stylescss.free.fr/v2-properties/animation-fill-mode.html]
[stylescss.free.fr/v2-properties/animation-iteration-count.html]
[stylescss.free.fr/v2-properties/animation-name.html]
[stylescss.free.fr/v2-properties/animation-play-state.html]
[stylescss.free.fr/v2-properties/animation-timing-function.html]
[stylescss.free.fr/v2-properties/appearance.html]
[stylescss.free.fr/v2-properties/img/azimuth-1.png]
[stylescss.free.fr/v2-properties/azimuth.html]
[stylescss.free.fr/v2-properties/img/backdrop-filter-2.jpg]
[stylescss.free.fr/v2-properties/img/backdrop-filter-1.jpg]
[stylescss.free.fr/v2-properties/backdrop-filter.html]
[stylescss.free.fr/v2-properties/backface-visibility.html]
[stylescss.free.fr/v2-properties/img/background-1.png]
[stylescss.free.fr/v2-properties/img/background-3.png]
[stylescss.free.fr/v2-properties/background.html]
[stylescss.free.fr/v2-properties/img/background-attachment-1.png]
[stylescss.free.fr/v2-properties/background-attachment.html]
[stylescss.free.fr/v2-properties/img/background-blend-mode-1.png]
[stylescss.free.fr/v2-properties/img/background-blend-mode-2.png]
[stylescss.free.fr/v2-properties/background-blend-mode.html]
[stylescss.free.fr/v2-properties/img/background-clip-1.png]
[stylescss.free.fr/v2-properties/background-clip.html]
[stylescss.free.fr/v2-properties/background-color.html]
[stylescss.free.fr/v2-properties/img/background-image-1.png]
[stylescss.free.fr/v2-properties/img/background-image-2.png]
[stylescss.free.fr/v2-properties/background-image.html]
[stylescss.free.fr/v2-properties/img/background-origin-2.png]
[stylescss.free.fr/v2-properties/img/background-origin-1.png]
[stylescss.free.fr/v2-properties/background-origin.html]
[stylescss.free.fr/v2-properties/img/background-position-3.png]
[stylescss.free.fr/v2-properties/img/background-position-1.png]
[stylescss.free.fr/v2-properties/img/background-position-2.png]
[stylescss.free.fr/v2-properties/background-position.html]
[stylescss.free.fr/v2-properties/img/background-repeat-1.png]
[stylescss.free.fr/v2-properties/background-repeat.html]
[stylescss.free.fr/v2-properties/img/background-size-1.png]
[stylescss.free.fr/v2-properties/background-size.html]
[stylescss.free.fr/v2-properties/border.html]
[stylescss.free.fr/v2-properties/border-xxx-radius.html]
[stylescss.free.fr/v2-properties/border-collapse.html]
[stylescss.free.fr/v2-properties/border-color.html]
[stylescss.free.fr/v2-properties/img/border-image-1.png]
[stylescss.free.fr/v2-properties/img/border-image-2.png]
[stylescss.free.fr/v2-properties/img/border-image-3.png]
[stylescss.free.fr/v2-properties/img/border-image-0.png]
[stylescss.free.fr/v2-properties/border-image.html]
[stylescss.free.fr/v2-properties/img/border-image-outset-1.png]
[stylescss.free.fr/v2-properties/border-image-outset.html]
[stylescss.free.fr/v2-properties/img/border-image-repeat-1.png]
[stylescss.free.fr/v2-properties/border-image-repeat.html]
[stylescss.free.fr/v2-properties/img/border-image-slice-3.png]
[stylescss.free.fr/v2-properties/img/border-image-slice-1.png]
[stylescss.free.fr/v2-properties/img/border-image-slice-2.png]
[stylescss.free.fr/v2-properties/border-image-slice.html]
[stylescss.free.fr/v2-properties/border-image-source.html]
[stylescss.free.fr/v2-properties/img/border-image-width-1-val.png]
[stylescss.free.fr/v2-properties/img/border-image-width-2-val.png]
[stylescss.free.fr/v2-properties/img/border-image-width-3-val.png]
[stylescss.free.fr/v2-properties/img/border-image-width-4-val.png]
[stylescss.free.fr/v2-properties/border-image-width.html]
[stylescss.free.fr/v2-properties/img/border-radius-1.jpg]
[stylescss.free.fr/v2-properties/border-radius.html]
[stylescss.free.fr/v2-properties/border-spacing.html]
[stylescss.free.fr/v2-properties/border-style.html]
[stylescss.free.fr/v2-properties/border-width.html]
[stylescss.free.fr/v2-properties/img/top-right-bottom-left-1.png]
[stylescss.free.fr/v2-properties/top-right-bottom-left.html]
[stylescss.free.fr/v2-properties/img/box-decoration-break-1.jpg]
[stylescss.free.fr/v2-properties/img/box-decoration-break-1.png]
[stylescss.free.fr/v2-properties/img/box-decoration-break-2.png]
[stylescss.free.fr/v2-properties/box-decoration-break.html]
[stylescss.free.fr/v2-properties/box-shadow.html]
[stylescss.free.fr/v2-properties/img/box-sizing-1.png]
[stylescss.free.fr/v2-properties/img/box-sizing-2.png]
[stylescss.free.fr/v2-properties/box-sizing.html]
[stylescss.free.fr/v2-properties/break-before-after.html]
[stylescss.free.fr/v2-properties/break-inside.html]
[stylescss.free.fr/v2-properties/caption-side.html]
[stylescss.free.fr/v2-properties/img/caret-color-1.png]
[stylescss.free.fr/v2-properties/caret-color.html]
[stylescss.free.fr/v2-properties/img/clear-1.png]
[stylescss.free.fr/v2-properties/clear.html]
[stylescss.free.fr/v2-properties/img/clip-1.png]
[stylescss.free.fr/v2-properties/clip.html]
[stylescss.free.fr/v2-properties/img/clip-path-1.png]
[stylescss.free.fr/v2-properties/img/clip-path-iner.png]
[stylescss.free.fr/v2-properties/img/clip-path-circle.png]
[stylescss.free.fr/v2-properties/img/clip-path-ellipse.png]
[stylescss.free.fr/v2-properties/img/clip-path-polygon.png]
[stylescss.free.fr/v2-properties/clip-path.html]
[stylescss.free.fr/v2-properties/color.html]
[stylescss.free.fr/v2-properties/img/color-adjust-1.png]
[stylescss.free.fr/v2-properties/color-adjust.html]
[stylescss.free.fr/v2-properties/column-count.html]
[stylescss.free.fr/v2-properties/column-fill.html]
[stylescss.free.fr/v2-properties/column-gap.html]
[stylescss.free.fr/v2-properties/column-rule-color.html]
[stylescss.free.fr/v2-properties/column-rule-style.html]
[stylescss.free.fr/v2-properties/column-rule-width.html]
[stylescss.free.fr/v2-properties/img/column-span-1.png]
[stylescss.free.fr/v2-properties/column-span.html]
[stylescss.free.fr/v2-properties/column-width.html]
[stylescss.free.fr/v2-properties/columns.html]
[stylescss.free.fr/v2-properties/img/content-2.png]
[stylescss.free.fr/v2-properties/img/content-1.png]
[stylescss.free.fr/v2-properties/content.html]
[stylescss.free.fr/v2-properties/counter-reset-increment.html]
[stylescss.free.fr/v2-properties/medias/cue-1.wav]
[stylescss.free.fr/v2-properties/cue.html]
[stylescss.free.fr/v2-properties/direction.html]
[stylescss.free.fr/v2-properties/display.html]
[stylescss.free.fr/v2-properties/elevation.html]
[stylescss.free.fr/v2-properties/empty-cells.html]
[stylescss.free.fr/v2-properties/img/filter-1.jpg]
[stylescss.free.fr/v2-properties/filter.html]
[stylescss.free.fr/v2-properties/flex.html]
[stylescss.free.fr/v2-properties/flex-basis.html]
[stylescss.free.fr/v2-properties/img/flex-direction-1.png]
[stylescss.free.fr/v2-properties/img/flex-direction-2.png]
[stylescss.free.fr/v2-properties/flex-direction.html]
[stylescss.free.fr/v2-properties/img/flex-flow-1.png]
[stylescss.free.fr/v2-properties/img/flex-flow-2.png]
[stylescss.free.fr/v2-properties/img/flex-flow-3.png]
[stylescss.free.fr/v2-properties/img/flex-flow-4.png]
[stylescss.free.fr/v2-properties/img/flex-flow-5.png]
[stylescss.free.fr/v2-properties/flex-flow.html]
[stylescss.free.fr/v2-properties/flex-grow.html]
[stylescss.free.fr/v2-properties/flex-shrink.html]
[stylescss.free.fr/v2-properties/flex-wrap.html]
[stylescss.free.fr/v2-properties/img/float-1.png]
[stylescss.free.fr/v2-properties/img/float-2.png]
[stylescss.free.fr/v2-properties/img/float-3.png]
[stylescss.free.fr/v2-properties/img/float-4.png]
[stylescss.free.fr/v2-properties/float.html]
[stylescss.free.fr/v2-properties/font.html]
[stylescss.free.fr/v2-properties/font-display.html]
[stylescss.free.fr/v2-properties/font-family.html]
[stylescss.free.fr/v2-properties/fonts/warnock-regular.otf]
[stylescss.free.fr/v2-properties/fonts/countryside.ttf]
[stylescss.free.fr/v2-properties/fonts/amstelvar.ttf]
[stylescss.free.fr/v2-properties/font-feature-settings.html]
[stylescss.free.fr/v2-properties/font-kerning.html]
[stylescss.free.fr/v2-properties/font-optical-sizing.html]
[stylescss.free.fr/v2-properties/font-size.html]
[stylescss.free.fr/v2-properties/font-size-adjust.html]
[stylescss.free.fr/v2-properties/font-stretch.html]
[stylescss.free.fr/v2-properties/font-style.html]
[stylescss.free.fr/v2-properties/font-synthesis.html]
[stylescss.free.fr/v2-properties/font-variant.html]
[stylescss.free.fr/v2-properties/font-variant-alternates.html]
[stylescss.free.fr/v2-properties/font-variant-caps.html]
[stylescss.free.fr/v2-properties/font-variant-east-asian.html]
[stylescss.free.fr/v2-properties/img/font-variant-ligatures-1.png]
[stylescss.free.fr/v2-properties/img/font-variant-ligatures-2.png]
[stylescss.free.fr/v2-properties/img/font-variant-ligatures-3.png]
[stylescss.free.fr/v2-properties/font-variant-ligatures.html]
[stylescss.free.fr/v2-properties/img/font-variant-numeric-ordinal.png]
[stylescss.free.fr/v2-properties/img/font-variant-numeric-slashed.png]
[stylescss.free.fr/v2-properties/img/font-variant-numeric-lining.png]
[stylescss.free.fr/v2-properties/img/font-variant-numeric-oldstyle.png]
[stylescss.free.fr/v2-properties/img/font-variant-numeric-proportional.png]
[stylescss.free.fr/v2-properties/img/font-variant-numeric-tabular.png]
[stylescss.free.fr/v2-properties/img/font-variant-numeric-stacked.png]
[stylescss.free.fr/v2-properties/img/font-variant-numeric-diagonal.png]
[stylescss.free.fr/v2-properties/font-variant-numeric.html]
[stylescss.free.fr/v2-properties/img/font-variant-position-super.png]
[stylescss.free.fr/v2-properties/img/font-variant-position-sub.png]
[stylescss.free.fr/v2-properties/font-variant-position.html]
[stylescss.free.fr/v2-properties/font-weight.html]
[stylescss.free.fr/v2-properties/img/grid-3.png]
[stylescss.free.fr/v2-properties/img/grid-std.png]
[stylescss.free.fr/v2-properties/img/grid-mse.png]
[stylescss.free.fr/v2-properties/grid.html]
[stylescss.free.fr/v2-properties/grid-area.html]
[stylescss.free.fr/v2-properties/grid-auto-columns.html]
[stylescss.free.fr/v2-properties/img/grid-auto-flow-1.png]
[stylescss.free.fr/v2-properties/img/grid-auto-flow-2.png]
[stylescss.free.fr/v2-properties/img/grid-auto-flow-3.png]
[stylescss.free.fr/v2-properties/img/grid-auto-flow-4.png]
[stylescss.free.fr/v2-properties/grid-auto-flow.html]
[stylescss.free.fr/v2-properties/grid-auto-rows.html]
[stylescss.free.fr/v2-properties/img/grid-row-column-1.png]
[stylescss.free.fr/v2-properties/img/grid-row-column-2.png]
[stylescss.free.fr/v2-properties/grid-row-column.html]
[stylescss.free.fr/v2-properties/grid-gap.html]
[stylescss.free.fr/v2-properties/grid-template.html]
[stylescss.free.fr/v2-properties/img/grid-template-areas-1.png]
[stylescss.free.fr/v2-properties/img/grid-template-areas-2.png]
[stylescss.free.fr/v2-properties/img/grid-template-areas-3.png]
[stylescss.free.fr/v2-properties/img/grid-template-areas-5.png]
[stylescss.free.fr/v2-properties/img/grid-template-areas-6.png]
[stylescss.free.fr/v2-properties/grid-template-areas.html]
[stylescss.free.fr/v2-properties/grid-template-columns.html]
[stylescss.free.fr/v2-properties/grid-template-rows.html]
[stylescss.free.fr/v2-properties/img/height-width-1.png]
[stylescss.free.fr/v2-properties/img/height-width-2.png]
[stylescss.free.fr/v2-properties/height-width.html]
[stylescss.free.fr/v2-properties/hyphens.html]
[stylescss.free.fr/v2-properties/img/image-rendering-1.png]
[stylescss.free.fr/v2-properties/image-rendering.html]
[stylescss.free.fr/v2-properties/ime-mode.html]
[stylescss.free.fr/v2-properties/img/isolation-1.png]
[stylescss.free.fr/v2-properties/isolation.html]
[stylescss.free.fr/v2-properties/img/justify-content-1.png]
[stylescss.free.fr/v2-properties/img/justify-content-2.png]
[stylescss.free.fr/v2-properties/img/justify-content-3.png]
[stylescss.free.fr/v2-properties/justify-content.html]
[stylescss.free.fr/v2-properties/img/align-items-1.png]
[stylescss.free.fr/v2-properties/justify-items.html]
[stylescss.free.fr/v2-properties/justify-self.html]
[stylescss.free.fr/v2-properties/letter-spacing.html]
[stylescss.free.fr/v2-properties/line-break.html]
[stylescss.free.fr/v2-properties/line-height.html]
[stylescss.free.fr/v2-properties/img/list-style-1.png]
[stylescss.free.fr/v2-properties/list-style.html]
[stylescss.free.fr/v2-properties/img/list-style-image-1.png]
[stylescss.free.fr/v2-properties/img/list-style-image-2.png]
[stylescss.free.fr/v2-properties/list-style-image.html]
[stylescss.free.fr/v2-properties/list-style-position.html]
[stylescss.free.fr/v2-properties/list-style-type.html]
[stylescss.free.fr/v2-properties/img/margin-1.png]
[stylescss.free.fr/v2-properties/img/margin-2.png]
[stylescss.free.fr/v2-properties/img/margin-3.png]
[stylescss.free.fr/v2-properties/margin.html]
[stylescss.free.fr/v2-properties/margin-trim.html]
[stylescss.free.fr/v2-properties/marker-offset.html]
[stylescss.free.fr/v2-properties/marks.html]
[stylescss.free.fr/v2-properties/img/mask-1b.png]
[stylescss.free.fr/v2-properties/img/mask-vide.png]
[stylescss.free.fr/v2-properties/img/mask-1a.jpg]
[stylescss.free.fr/v2-properties/mask.html]
[stylescss.free.fr/v2-properties/img/mask-border-1b.png]
[stylescss.free.fr/v2-properties/img/mask-border-1.png]
[stylescss.free.fr/v2-properties/img/mask-border-1a.jpg]
[stylescss.free.fr/v2-properties/mask-border.html]
[stylescss.free.fr/v2-properties/img/mask-clip-2.png]
[stylescss.free.fr/v2-properties/mask-clip.html]
[stylescss.free.fr/v2-properties/mask-image.html]
[stylescss.free.fr/v2-properties/img/mask-mode-0.png]
[stylescss.free.fr/v2-properties/img/mask-mode-2.png]
[stylescss.free.fr/v2-properties/img/mask-mode-3.jpg]
[stylescss.free.fr/v2-properties/img/mask-mode-1.jpg]
[stylescss.free.fr/v2-properties/mask-mode.html]
[stylescss.free.fr/v2-properties/img/mask-position-2.png]
[stylescss.free.fr/v2-properties/img/mask-position-1.jpg]
[stylescss.free.fr/v2-properties/mask-position.html]
[stylescss.free.fr/v2-properties/img/mask-repeat-2.png]
[stylescss.free.fr/v2-properties/img/mask-repeat-1.jpg]
[stylescss.free.fr/v2-properties/mask-repeat.html]
[stylescss.free.fr/v2-properties/img/mask-size-2.png]
[stylescss.free.fr/v2-properties/img/mask-size-1.jpg]
[stylescss.free.fr/v2-properties/mask-size.html]
[stylescss.free.fr/v2-properties/min-max.html]
[stylescss.free.fr/v2-properties/img/mix-blend-mode-1.jpg]
[stylescss.free.fr/v2-properties/mix-blend-mode.html]
[stylescss.free.fr/v2-properties/moz-border.html]
[stylescss.free.fr/v2-properties/img/object-1.png]
[stylescss.free.fr/v2-properties/object-fit.html]
[stylescss.free.fr/v2-properties/object-position.html]
[stylescss.free.fr/v2-properties/img/opacity-2.png]
[stylescss.free.fr/v2-properties/img/opacity-1.png]
[stylescss.free.fr/v2-properties/img/opacity-1.jpg]
[stylescss.free.fr/v2-properties/opacity.html]
[stylescss.free.fr/v2-properties/order.html]
[stylescss.free.fr/v2-properties/orphans-widows.html]
[stylescss.free.fr/v2-properties/outline.html]
[stylescss.free.fr/v2-properties/outline-color.html]
[stylescss.free.fr/v2-properties/outline-style.html]
[stylescss.free.fr/v2-properties/outline-width.html]
[stylescss.free.fr/v2-properties/img/overflow-1.jpg]
[stylescss.free.fr/v2-properties/overflow.html]
[stylescss.free.fr/v2-properties/word-break-wrap.html]
[stylescss.free.fr/v2-properties/img/padding-1.png]
[stylescss.free.fr/v2-properties/padding.html]
[stylescss.free.fr/v2-properties/padding-2.html]
[stylescss.free.fr/v2-properties/page-break.html]
[stylescss.free.fr/v2-properties/pause.html]
[stylescss.free.fr/v2-properties/img/perspective-origin-1.png]
[stylescss.free.fr/v2-properties/perspective-origin.html]
[stylescss.free.fr/v2-properties/pitch.html]
[stylescss.free.fr/v2-properties/pitch-range.html]
[stylescss.free.fr/v2-properties/play-during.html]
[stylescss.free.fr/v2-properties/pointer-events.html]
[stylescss.free.fr/v2-properties/img/position-2.png]
[stylescss.free.fr/v2-properties/position.html]
[stylescss.free.fr/v2-properties/quotes.html]
[stylescss.free.fr/v2-properties/img/resize-0.png]
[stylescss.free.fr/v2-properties/img/resize-1.png]
[stylescss.free.fr/v2-properties/img/resize-2.png]
[stylescss.free.fr/v2-properties/img/resize-3.png]
[stylescss.free.fr/v2-properties/resize.html]
[stylescss.free.fr/v2-properties/richness.html]
[stylescss.free.fr/v2-properties/scroll-behavior.html]
[stylescss.free.fr/v2-properties/scrollbar.html]
[stylescss.free.fr/v2-properties/img/shape-outside-1.png]
[stylescss.free.fr/v2-properties/img/shape-outside-2.png]
[stylescss.free.fr/v2-properties/img/shape-outside-3.png]
[stylescss.free.fr/v2-properties/img/shape-outside-4.png]
[stylescss.free.fr/v2-properties/shape-outside.html]
[stylescss.free.fr/v2-properties/size.html]
[stylescss.free.fr/v2-properties/speak.html]
[stylescss.free.fr/v2-properties/speak2.html]
[stylescss.free.fr/v2-properties/speech-rate.html]
[stylescss.free.fr/v2-properties/stress.html]
[stylescss.free.fr/v2-properties/tab-size.html]
[stylescss.free.fr/v2-properties/table-layout.html]
[stylescss.free.fr/v2-properties/img/text-align-1.png]
[stylescss.free.fr/v2-properties/img/text-align-2.png]
[stylescss.free.fr/v2-properties/img/text-align-3.png]
[stylescss.free.fr/v2-properties/img/text-align-4.png]
[stylescss.free.fr/v2-properties/text-align.html]
[stylescss.free.fr/v2-properties/img/text-align-last-1.png]
[stylescss.free.fr/v2-properties/img/text-align-last-2.png]
[stylescss.free.fr/v2-properties/img/text-align-last-3.png]
[stylescss.free.fr/v2-properties/img/text-align-last-4.png]
[stylescss.free.fr/v2-properties/text-align-last.html]
[stylescss.free.fr/v2-properties/text-decoration.html]
[stylescss.free.fr/v2-properties/text-decoration-color.html]
[stylescss.free.fr/v2-properties/text-decoration-line.html]
[stylescss.free.fr/v2-properties/text-decoration-style.html]
[stylescss.free.fr/v2-properties/text-emphasis.html]
[stylescss.free.fr/v2-properties/text-emphasis-position.html]
[stylescss.free.fr/v2-properties/img/text-emphasis-style-1.png]
[stylescss.free.fr/v2-properties/img/text-emphasis-style-2.png]
[stylescss.free.fr/v2-properties/img/text-emphasis-style-3.png]
[stylescss.free.fr/v2-properties/img/text-emphasis-style-4.png]
[stylescss.free.fr/v2-properties/img/text-emphasis-style-5.png]
[stylescss.free.fr/v2-properties/img/text-emphasis-style-6.png]
[stylescss.free.fr/v2-properties/img/text-emphasis-style-7.png]
[stylescss.free.fr/v2-properties/img/text-emphasis-style-8.png]
[stylescss.free.fr/v2-properties/text-emphasis-style.html]
[stylescss.free.fr/v2-properties/text-indent.html]
[stylescss.free.fr/v2-properties/img/text-justify-1.png]
[stylescss.free.fr/v2-properties/img/text-justify-2.png]
[stylescss.free.fr/v2-properties/text-justify.html]
[stylescss.free.fr/v2-properties/text-overflow.html]
[stylescss.free.fr/v2-properties/text-rendering.html]
[stylescss.free.fr/v2-properties/text-shadow.html]
[stylescss.free.fr/v2-properties/img/text-transform-1.png]
[stylescss.free.fr/v2-properties/img/text-transform-2.png]
[stylescss.free.fr/v2-properties/img/text-transform-3.png]
[stylescss.free.fr/v2-properties/img/text-transform-4.png]
[stylescss.free.fr/v2-properties/img/text-transform-5.png]
[stylescss.free.fr/v2-properties/img/text-transform-6.png]
[stylescss.free.fr/v2-properties/img/text-transform-7.png]
[stylescss.free.fr/v2-properties/text-transform.html]
[stylescss.free.fr/v2-properties/touch-action.html]
[stylescss.free.fr/v2-properties/img/transform-origin-1.png]
[stylescss.free.fr/v2-properties/transform-origin.html]
[stylescss.free.fr/v2-properties/transform-style.html]
[stylescss.free.fr/v2-properties/transition.html]
[stylescss.free.fr/v2-properties/transition-delay.html]
[stylescss.free.fr/v2-properties/transition-duration.html]
[stylescss.free.fr/v2-properties/transition-property.html]
[stylescss.free.fr/v2-properties/transition-timing-function.html]
[stylescss.free.fr/v2-properties/unicode-bidi.html]
[stylescss.free.fr/v2-properties/user-select.html]
[stylescss.free.fr/v2-properties/img/vertical-align-1.png]
[stylescss.free.fr/v2-properties/img/vertical-align-2.png]
[stylescss.free.fr/v2-properties/img/vertical-align-3.png]
[stylescss.free.fr/v2-properties/img/vertical-align-4.png]
[stylescss.free.fr/v2-properties/img/vertical-align-5.png]
[stylescss.free.fr/v2-properties/vertical-align.html]
[stylescss.free.fr/v2-properties/visibility.html]
[stylescss.free.fr/v2-properties/voice-family.html]
[stylescss.free.fr/v2-properties/volume.html]
[stylescss.free.fr/v2-properties/white-space.html]
[stylescss.free.fr/v2-properties/will-change.html]
[stylescss.free.fr/v2-properties/word-spacing.html]
[stylescss.free.fr/v2-properties/writing-mode.html]
[stylescss.free.fr/v2-properties/z-index.html]
[stylescss.free.fr/v2-contact.html]
[stylescss.free.fr/v2-copyright.html]
[stylescss.free.fr/v2-img/checkbox-off.png]
[stylescss.free.fr/v2-privacy.html]
[stylescss.free.fr/v2-lib/privacy.html]
[stylescss.free.fr/v2-tutoriels/grid.html]
[stylescss.free.fr/v2-values/initial.html]
[stylescss.free.fr/v2-values/unset.html]
[stylescss.free.fr/v2-values/inherit.html]
[stylescss.free.fr/v2-lib/remarque-post.html]
[stylescss.free.fr/v2-lexique.html]
[stylescss.free.fr/v2-tutoriels/responsive-1.html]
[stylescss.free.fr/v2-tutoriels/responsive-2.html]
[stylescss.free.fr/v2-tutoriels/responsive-3.html]
[stylescss.free.fr/v2-img/colors-synth-1.html]
[stylescss.free.fr/v2-tools/entitiesd41d.html]
[stylescss.free.fr/v2-properties/img/transform-2.png]
[stylescss.free.fr/v2-tools/entitiesf0f2.html]
[stylescss.free.fr/v2-tools/entities653e.html]
[stylescss.free.fr/v2-tools/entitiesdb52.html]
[stylescss.free.fr/v2-tools/entitiesc878.html]
[stylescss.free.fr/v2-tools/entities8033.html]
[stylescss.free.fr/v2-tools/entities9ea3.html]
[stylescss.free.fr/v2-tools/entities98fd.html]
[stylescss.free.fr/v2-tools/entities5d3a.html]
[stylescss.free.fr/v2-tools/entitiesd630.html]
[stylescss.free.fr/v2-tools/entities7fc7.html]
[stylescss.free.fr/v2-tools/entities9722.html]
[stylescss.free.fr/v2-tools/entities6d2e.html]
[stylescss.free.fr/v2-tools/entities20de.html]
[stylescss.free.fr/v2-tools/entitiesb23f.html]
[stylescss.free.fr/v2-tools/entities5126.html]
[stylescss.free.fr/v2-tools/entitiesad43.html]
[stylescss.free.fr/v2-tools/entitiesf8bd.html]
[stylescss.free.fr/v2-tools/entities41a4.html]
[stylescss.free.fr/v2-tools/entities7b3d.html]
[stylescss.free.fr/v2-tools/entitiesfc55.html]
[stylescss.free.fr/v2-tools/entities53fc.html]
[stylescss.free.fr/v2-tools/entities6a54.html]
[stylescss.free.fr/v2-tools/entities1db5.html]
[stylescss.free.fr/v2-tools/entities8149.html]
[stylescss.free.fr/v2-tools/entitiesa517.html]
[stylescss.free.fr/v2-tools/entities914e.html]
[stylescss.free.fr/v2-tools/entities6130.html]
[stylescss.free.fr/v2-tools/entities60a7.html]
[stylescss.free.fr/v2-tricks/img/tricks-2.png]
[stylescss.free.fr/v2-functions/img/blur-1.jpg]
[stylescss.free.fr/v2-functions/img/contrast-1.jpg]
[stylescss.free.fr/v2-functions/img/cross-fade-1.jpg]
[stylescss.free.fr/v2-functions/img/cross-fade-3.jpg]
[stylescss.free.fr/v2-functions/img/element-1.html]
[stylescss.free.fr/v2-functions/img/grayscale.jpg]
[stylescss.free.fr/v2-functions/img/hsl-1.png]
[stylescss.free.fr/v2-functions/img/hue-rotate-1.png]
[stylescss.free.fr/v2-functions/img/fichier.html]
[stylescss.free.fr/v2-functions/img/inset-3.jpg]
[stylescss.free.fr/v2-functions/img/invert-1.jpg]
[stylescss.free.fr/v2-img/gradient-repeating-linear.html]
[stylescss.free.fr/v2-img/gradient-repeating-radial.html]
[stylescss.free.fr/v2-img/gradient-repeating-conic.html]
[stylescss.free.fr/v2-functions/img/rect-2.jpg]
[stylescss.free.fr/v2-functions/img/repeating-radial-gradient-1.html]
[stylescss.free.fr/v2-functions/img/repeating-radial-gradient-2.html]
[stylescss.free.fr/v2-functions/img/repeating-radial-gradient-3.html]
[stylescss.free.fr/v2-functions/img/rotate3d-2.html]
[stylescss.free.fr/v2-functions/img/saturate-1.jpg]
[stylescss.free.fr/v2-functions/img/sepia-1.jpg]
[stylescss.free.fr/v2-selectors/first-letter-line.html]
[stylescss.free.fr/v2-selectors/marker.html]
[stylescss.free.fr/v2-selectors/img/marker-1.png]
[stylescss.free.fr/v2-selectors/placeholder.html]
[stylescss.free.fr/v2-selectors/inexistant.html]
[stylescss.free.fr/v2-selectors/img/child-1.png]
[stylescss.free.fr/v2-selectors/img/child-2.png]
[stylescss.free.fr/v2-selectors/child.html]
[stylescss.free.fr/v2-selectors/dir.html]
[stylescss.free.fr/v2-selectors/target.html]
[stylescss.free.fr/v2-selectors/img/child-3.png]
[stylescss.free.fr/v2-selectors/focus-visible.html]
[stylescss.free.fr/v2-selectors/read-only-write.html]
[stylescss.free.fr/v2-selectors/indeterminate.html]
[stylescss.free.fr/v2-tutoriels/colors-ajax8fc6.html]
[stylescss.free.fr/v2-properties/fonts/kleymissky.otf]
[stylescss.free.fr/v2-properties/fonts/comic-jens.ttf]
[stylescss.free.fr/v2-properties/img/backdrop-filter-2.jpg]
[stylescss.free.fr/v2-properties/img/blend-mode-1.png]
[stylescss.free.fr/v2-properties/img/blend-mode-2.png]
[stylescss.free.fr/v2-properties/blend-mode.html]
[stylescss.free.fr/v2-img/background-1.html]
[stylescss.free.fr/v2-img/regle.html]
[stylescss.free.fr/v2-properties/img/background-size-1.png]
[stylescss.free.fr/v2-properties/img/background-size-2.svg]
[stylescss.free.fr/v2-properties/img/background-size-3.svg]
[stylescss.free.fr/v2-properties/bleed.html]
[stylescss.free.fr/v2-properties/img/border-image-2.png]
[stylescss.free.fr/v2-properties/img/border-image-0.png]
[stylescss.free.fr/v2-properties/img/border-radius-1-value.html]
[stylescss.free.fr/v2-properties/img/border-radius-4-values.html]
[stylescss.free.fr/v2-properties/img/border-radius-2-values.html]
[stylescss.free.fr/v2-properties/img/border-radius-3-values.html]
[stylescss.free.fr/v2-properties/img/border-width-1val.html]
[stylescss.free.fr/v2-properties/img/border-width-2val.html]
[stylescss.free.fr/v2-properties/img/border-width-3val.html]
[stylescss.free.fr/v2-properties/img/border-width-4val.html]
[stylescss.free.fr/v2-properties/img/clip-path-1.png]
[stylescss.free.fr/v2-properties/column-rule.html]
[stylescss.free.fr/v2-properties/img/cursor-stylo.png]
[stylescss.free.fr/v2-properties/cursor.html]
[stylescss.free.fr/v2-properties/fonts/warnock-regular.otf]
[stylescss.free.fr/v2-properties/fonts/countryside.ttf]
[stylescss.free.fr/v2-properties/fonts/amstelvar.ttf]
[stylescss.free.fr/v2-properties/img/hanging-punctuation-1a.png]
[stylescss.free.fr/v2-properties/img/hanging-punctuation-1b.png]
[stylescss.free.fr/v2-properties/img/hanging-punctuation-2a.png]
[stylescss.free.fr/v2-properties/img/hanging-punctuation-2b.png]
[stylescss.free.fr/v2-properties/hanging-punctuation.html]
[stylescss.free.fr/v2-properties/img/isolation-3.html]
[stylescss.free.fr/v2-properties/img/mask.svg]
[stylescss.free.fr/v2-properties/mask-origin.html]
[stylescss.free.fr/v2-properties/outline-offset.html]
[stylescss.free.fr/v2-properties/img/perspective-1.png]
[stylescss.free.fr/v2-properties/perspective.html]
[stylescss.free.fr/v2-properties/text-emphasis-color.html]
[stylescss.free.fr/v2-properties/img/text-overflow-1.html]
[stylescss.free.fr/v2-properties/img/text-overflow-2.html]
[stylescss.free.fr/v2-properties/img/text-overflow-4.html]
[stylescss.free.fr/v2-properties/img/text-overflow-3.html]
[stylescss.free.fr/v2-tools/entitiesc322.html]
[stylescss.free.fr/v2-tools/entitiesc65f.html]
[stylescss.free.fr/v2-tools/entities656d.html]
[stylescss.free.fr/v2-tools/entities64b1.html]
[stylescss.free.fr/v2-tools/entities22f8.html]
[stylescss.free.fr/v2-tools/entitiesf232.html]
[stylescss.free.fr/v2-tools/entities7b02.html]
[stylescss.free.fr/v2-properties/img/mask-origin-1.html]
[stylescss.free.fr/v2-tools/entities6bf5.html]
[stylescss.free.fr/v2-tools/entities049a.html]
[stylescss.free.fr/v2-tools/entities3641.html]
[stylescss.free.fr/v2-tools/entities3d13.html]
[stylescss.free.fr/v2-tools/entitiesec63.html]
[stylescss.free.fr/v2-tools/entitiesfc12.html]
[stylescss.free.fr/v2-tools/entities0750.html]
[stylescss.free.fr/v2-tools/entitiesee91.html]
[stylescss.free.fr/v2-tools/entities0a9e.html]
[stylescss.free.fr/v2-tools/entities2d86.html]
[stylescss.free.fr/v2-tools/entities9f5a.html]
[stylescss.free.fr/v2-tools/entities2dd8.html]
[stylescss.free.fr/v2-tools/entities3df0.html]
